// Jest Snapshot v1, https://goo.gl/fbAQLP

exports[`commands markdown translates markdown 1`] = `
Array [
  Object {
    "content": "# updated here
ui.global/footer: |
  Footer here
# English Here...
menu/hello: |
  This is a translated key
# original title here
sub/welcome/items__test__title: |
  This is the title!
",
    "fileName": "test/data/test-markdown/_i18n/ja.yaml",
  },
  Object {
    "content": "- key: home
  title: Home
  link: /
- key: about
  title: About
  link: /about
- key: news
  title: News
  link: /news
",
    "fileName": "test/data/test-markdown/menu.en.yaml",
  },
  Object {
    "content": "## I exist already
",
    "fileName": "test/data/test-markdown/sub/existing.en.md",
  },
  Object {
    "content": "## It wont be created
",
    "fileName": "test/data/test-markdown/sub/existing.ja.md",
  },
  Object {
    "content": "---
title: Test title
tags: ['a', 'b', 'c']
description: Description goes here
---

## I am some markdown. Please translate me!

Markdown is a lightweight markup language with plain-text-formatting syntax. Its design allows it to be converted to many output formats, but the original tool by the same name only supports HTML. [Markdown](https://en.wikipedia.org/wiki/Markdown) is often used to format readme files, for writing messages in online discussion forums, and to create rich text using a plain text editor.

Since the initial description of Markdown contained ambiguities and unanswered questions, the implementations that appeared over the years have subtle differences and many come with syntax extensions.
",
    "fileName": "test/data/test-markdown/sub/index.en.md",
  },
  Object {
    "content": "---
title: 試験タイトル
description: ここに説明が入ります
---

## 私はいくつかの値下げです。翻訳してください!

Markdownは、プレーンテキスト形式の構文を持つ軽量のマークアップ言語です。その設計により、多くの出力形式に変換できますが、同じ名前の元のツールはHTMLのみをサポートします。 [Markdown](https://en.wikipedia.org/wiki/Markdown)は、readmeファイルのフォーマット、オンラインディスカッションフォーラムでのメッセージの書き込み、プレーンテキストエディターを使用したリッチテキストの作成によく使用されます。

Markdownの最初の説明にはあいまいさと未回答の質問が含まれていたため、長年にわたって登場した実装には微妙な違いがあり、その多くに構文拡張が付属しています。
",
    "fileName": "test/data/test-markdown/sub/index.ja.md",
  },
  Object {
    "content": "intro: Welcome to this sub folder
description: This is a description that won't be translated
items:
  - key: test
    title: Testing
  - key: hello
    title: Hello Work
",
    "fileName": "test/data/test-markdown/sub/welcome.en.yaml",
  },
  Object {
    "content": "title: Title
description: This is a description
new: Some new key
body: |
  ## This is some markdown

  How is this?
",
    "fileName": "test/data/test-markdown/ui.global.en.yaml",
  },
]
`;
